> Task :app:preBuild UP-TO-DATE
> Task :app:preDebugBuild UP-TO-DATE
> Task :app:mergeDebugNativeDebugMetadata NO-SOURCE
> Task :app:javaPreCompileDebug UP-TO-DATE
> Task :app:checkDebugAarMetadata UP-TO-DATE
> Task :app:generateDebugResValues UP-TO-DATE
> Task :app:mapDebugSourceSetPaths UP-TO-DATE
> Task :app:generateDebugResources UP-TO-DATE
> Task :app:mergeDebugResources UP-TO-DATE
> Task :app:packageDebugResources UP-TO-DATE
> Task :app:parseDebugLocalResources UP-TO-DATE
> Task :app:createDebugCompatibleScreenManifests UP-TO-DATE
> Task :app:extractDeepLinksDebug UP-TO-DATE
> Task :app:processDebugMainManifest UP-TO-DATE
> Task :app:processDebugManifest UP-TO-DATE
> Task :app:processDebugManifestForPackage UP-TO-DATE
> Task :app:processDebugResources UP-TO-DATE
> Task :app:compileDebugJavaWithJavac UP-TO-DATE
> Task :app:mergeDebugShaders UP-TO-DATE
> Task :app:compileDebugShaders NO-SOURCE
> Task :app:generateDebugAssets UP-TO-DATE
> Task :app:mergeDebugAssets UP-TO-DATE
> Task :app:compressDebugAssets UP-TO-DATE
> Task :app:desugarDebugFileDependencies UP-TO-DATE
> Task :app:dexBuilderDebug UP-TO-DATE
> Task :app:mergeDebugGlobalSynthetics UP-TO-DATE
> Task :app:processDebugJavaRes NO-SOURCE
> Task :app:mergeDebugJavaResource UP-TO-DATE
> Task :app:checkDebugDuplicateClasses UP-TO-DATE
> Task :app:mergeDebugStartupProfile UP-TO-DATE
> Task :app:mergeExtDexDebug UP-TO-DATE
> Task :app:mergeLibDexDebug UP-TO-DATE
> Task :app:mergeProjectDexDebug UP-TO-DATE
> Task :app:mergeDebugJniLibFolders UP-TO-DATE
> Task :app:mergeDebugNativeLibs NO-SOURCE
> Task :app:stripDebugDebugSymbols NO-SOURCE
> Task :app:validateSigningDebug UP-TO-DATE
> Task :app:writeDebugAppMetadata UP-TO-DATE
> Task :app:writeDebugSigningConfigVersions UP-TO-DATE
> Task :app:packageDebug UP-TO-DATE
> Task :app:createDebugApkListingFileRedirect UP-TO-DATE
> Task :app:assembleDebug UP-TO-DATE
> Task :app:preReleaseBuild UP-TO-DATE
> Task :app:javaPreCompileRelease UP-TO-DATE
> Task :app:checkReleaseAarMetadata UP-TO-DATE
> Task :app:generateReleaseResValues UP-TO-DATE
> Task :app:mapReleaseSourceSetPaths UP-TO-DATE
> Task :app:generateReleaseResources UP-TO-DATE
> Task :app:mergeReleaseResources UP-TO-DATE
> Task :app:packageReleaseResources UP-TO-DATE
> Task :app:parseReleaseLocalResources UP-TO-DATE
> Task :app:createReleaseCompatibleScreenManifests UP-TO-DATE
> Task :app:extractDeepLinksRelease UP-TO-DATE
> Task :app:processReleaseMainManifest UP-TO-DATE
> Task :app:processReleaseManifest UP-TO-DATE
> Task :app:processReleaseManifestForPackage UP-TO-DATE
> Task :app:processReleaseResources UP-TO-DATE
> Task :app:compileReleaseJavaWithJavac UP-TO-DATE
> Task :app:extractProguardFiles UP-TO-DATE
> Task :app:generateReleaseLintVitalReportModel UP-TO-DATE
> Task :app:lintVitalAnalyzeRelease UP-TO-DATE
> Task :app:lintVitalReportRelease SKIPPED
> Task :app:lintVitalRelease SKIPPED
> Task :app:mergeReleaseJniLibFolders UP-TO-DATE
> Task :app:mergeReleaseNativeLibs NO-SOURCE
> Task :app:stripReleaseDebugSymbols NO-SOURCE
> Task :app:extractReleaseNativeSymbolTables NO-SOURCE
> Task :app:mergeReleaseNativeDebugMetadata NO-SOURCE
> Task :app:checkReleaseDuplicateClasses UP-TO-DATE
> Task :app:dexBuilderRelease UP-TO-DATE
> Task :app:desugarReleaseFileDependencies UP-TO-DATE
> Task :app:mergeReleaseStartupProfile UP-TO-DATE
> Task :app:mergeExtDexRelease UP-TO-DATE
> Task :app:mergeDexRelease UP-TO-DATE
> Task :app:mergeReleaseArtProfile UP-TO-DATE
> Task :app:mergeReleaseGlobalSynthetics UP-TO-DATE
> Task :app:compileReleaseArtProfile UP-TO-DATE
> Task :app:mergeReleaseShaders UP-TO-DATE
> Task :app:compileReleaseShaders NO-SOURCE
> Task :app:generateReleaseAssets UP-TO-DATE
> Task :app:mergeReleaseAssets UP-TO-DATE
> Task :app:compressReleaseAssets UP-TO-DATE
> Task :app:extractReleaseVersionControlInfo UP-TO-DATE
> Task :app:processReleaseJavaRes NO-SOURCE
> Task :app:mergeReleaseJavaResource UP-TO-DATE
> Task :app:optimizeReleaseResources UP-TO-DATE
> Task :app:collectReleaseDependencies UP-TO-DATE
> Task :app:sdkReleaseDependencyData UP-TO-DATE
> Task :app:writeReleaseAppMetadata UP-TO-DATE
> Task :app:writeReleaseSigningConfigVersions UP-TO-DATE
> Task :app:packageRelease UP-TO-DATE
> Task :app:createReleaseApkListingFileRedirect UP-TO-DATE
> Task :app:assembleRelease UP-TO-DATE
> Task :app:assemble UP-TO-DATE
> Task :app:bundleDebugClassesToCompileJar UP-TO-DATE
> Task :app:preDebugAndroidTestBuild SKIPPED
> Task :app:generateDebugAndroidTestResValues UP-TO-DATE
> Task :app:generateDebugAndroidTestLintModel UP-TO-DATE
> Task :app:generateDebugLintReportModel UP-TO-DATE
> Task :app:preDebugUnitTestBuild UP-TO-DATE
> Task :app:generateDebugUnitTestLintModel UP-TO-DATE
> Task :app:lintAnalyzeDebug UP-TO-DATE
> Task :app:lintAnalyzeDebugAndroidTest UP-TO-DATE
> Task :app:lintAnalyzeDebugUnitTest UP-TO-DATE
> Task :app:lintReportDebug UP-TO-DATE

> Task :app:lintDebug FAILED
Lint found 1 errors, 128 warnings. First failure:

D:\test ai\VietnameseLunarCalendar\app\build.gradle:12: Error: Google Play requires that apps target API level 33 or higher. [ExpiredTargetSdkVersion]
        targetSdk 26
        ~~~~~~~~~~~~

   Explanation for issues of type "ExpiredTargetSdkVersion":
   Configuring your app to target a recent API level ensures that users
   benefit from significant security and performance improvements, while still
   allowing your app to run on older Android versions (down to the
   minSdkVersion).

   To update your targetSdkVersion, follow the steps from "Meeting Google Play
   requirements for target API level",
   https://developer.android.com/distribute/best-practices/develop/target-sdk.
   html

   https://support.google.com/googleplay/android-developer/answer/113469#targetsdk
   https://developer.android.com/distribute/best-practices/develop/target-sdk.html


The full lint text report is located at:
  D:\test ai\VietnameseLunarCalendar\app\build\intermediates\lint_intermediate_text_report\debug\lintReportDebug\lint-results-debug.txt
./gradlew : 
At line:1 char:1
+ ./gradlew build > 
build_output.log 2>&1
+ ~~~~~~~~~~~~~~~~~~~~~~~~
~~~~~~~~~~~~~~~
    + CategoryInfo        
      : NotSpecified: (:  
  String) [], RemoteExc   
 eption
    + FullyQualifiedError 
   Id : NativeCommandErr  
  or
 
FAILURE: Build failed 
with an exception.

* What went wrong:
Execution failed for task 
':app:lintDebug'.
> Lint found errors in 
the project; aborting 
build.
  
  Fix the issues 
identified by lint, or 
create a baseline to see 
only new errors.
  To create a baseline, 
run `gradlew 
updateLintBaseline` after 
adding the following to 
the module's build.gradle 
file:
  ```
  android {
      lint {
          baseline = 
file("lint-baseline.xml")
      }
  }
  ```
  For more details, see ht
tps://developer.android.co
m/studio/write/lint#snapsh
ot
  
  Lint found 1 errors, 
128 warnings. First 
failure:
  
  D:\test ai\VietnameseLun
arCalendar\app\build.gradl
e:12: Error: Google Play 
requires that apps target 
API level 33 or higher. 
[ExpiredTargetSdkVersion]
          targetSdk 26
          ~~~~~~~~~~~~
  
     Explanation for 
issues of type 
"ExpiredTargetSdkVersion":
     Configuring your app 
to target a recent API 
level ensures that users
     benefit from 
significant security and 
performance improvements, 
while still
     allowing your app to 
run on older Android 
versions (down to the
     minSdkVersion).
  
     To update your 
targetSdkVersion, follow 
the steps from "Meeting 
Google Play
     requirements for 
target API level",
     https://developer.and
roid.com/distribute/best-p
ractices/develop/target-sd
k.
     html
  
     https://support.googl
e.com/googleplay/android-d
eveloper/answer/113469#tar
getsdk
     https://developer.and
roid.com/distribute/best-p
ractices/develop/target-sd
k.html
  
  
  The full lint text 
report is located at:
    D:\test ai\VietnameseL
unarCalendar\app\build\int
ermediates\lint_intermedia
te_text_report\debug\lintR
eportDebug\lint-results-de
bug.txt

* Try:
> Run with --stacktrace 
option to get the stack 
trace.
> Run with --info or 
--debug option to get 
more log output.
> Run with --scan to get 
full insights.
> Get more help at 
https://help.gradle.org.

BUILD FAILED in 2s
83 actionable tasks: 1 executed, 82 up-to-date
